// Jest Snapshot v1, https://goo.gl/fbAQLP

exports[`Link to '/' 1`] = `
<a
  aria-current="page"
  class="active"
  href="/"
/>
`;

exports[`Link to '/about' 1`] = `
<a
  href="/about"
/>
`;
